// Jest Snapshot v1, https://goo.gl/fbAQLP

exports[`Basic component test for @reshoot/loader should emit error with invalid options 1`] = `undefined`;

exports[`Basic component test for @reshoot/loader should emit files and output successfully with default options 1`] = `"export default {\\"src\\":__webpack_public_path__+\\"/images/tEsThAsH-4774.jpg\\",\\"width\\":4774,\\"height\\":3024,\\"srcSet\\":__webpack_public_path__+\\"/images/tEsThAsH-480.jpg 480w,\\"+__webpack_public_path__+\\"/images/tEsThAsH-640.jpg 640w,\\"+__webpack_public_path__+\\"/images/tEsThAsH-840.jpg 840w,\\"+__webpack_public_path__+\\"/images/tEsThAsH-1080.jpg 1080w\\",\\"aspectRatio\\":1.5787,\\"placeholder\\":\\"data:image/jpeg;base64,data/of=someimage\\",\\"color\\":\\"#283838\\",\\"sources\\":[{\\"type\\":\\"image/webp\\",\\"src\\":__webpack_public_path__+\\"/images/tEsThAsH-4774.webp\\",\\"srcSet\\":__webpack_public_path__+\\"/images/tEsThAsH-480.webp 480w,\\"+__webpack_public_path__+\\"/images/tEsThAsH-640.webp 640w,\\"+__webpack_public_path__+\\"/images/tEsThAsH-840.webp 840w,\\"+__webpack_public_path__+\\"/images/tEsThAsH-1080.webp 1080w\\"}]};"`;
