// Jest Snapshot v1, https://goo.gl/fbAQLP

exports[`Basic component test for @reshoot/loader should emit cached files and output successfully with default options 1`] = `"export default {\\"id\\":\\"tEsThAsH\\",\\"src\\":__webpack_public_path__+\\"tEsThAsH-1120.jpg\\",\\"width\\":4774,\\"height\\":3024,\\"srcSet\\":__webpack_public_path__+\\"tEsThAsH-640.jpg 640w,\\"+__webpack_public_path__+\\"tEsThAsH-1440.jpg 1440w\\",\\"aspectRatio\\":0.6334,\\"placeholder\\":\\"data:image/jpeg;base64,data/of=someimage\\",\\"color\\":\\"#283838\\",\\"sources\\":[{\\"type\\":\\"image/avif\\",\\"srcSet\\":__webpack_public_path__+\\"tEsThAsH-640.avif 640w,\\"+__webpack_public_path__+\\"tEsThAsH-1440.avif 1440w,\\"+__webpack_public_path__+\\"tEsThAsH-1120.avif 1120w\\"},{\\"type\\":\\"image/webp\\",\\"srcSet\\":__webpack_public_path__+\\"tEsThAsH-640.webp 640w,\\"+__webpack_public_path__+\\"tEsThAsH-1440.webp 1440w,\\"+__webpack_public_path__+\\"tEsThAsH-1120.webp 1120w\\"}]};"`;

exports[`Basic component test for @reshoot/loader should emit cached files and output successfully with default options 2`] = `"{\\"output\\":\\"export default {\\\\\\"id\\\\\\":\\\\\\"tEsThAsH\\\\\\",\\\\\\"src\\\\\\":__webpack_public_path__+\\\\\\"tEsThAsH-1120.jpg\\\\\\",\\\\\\"width\\\\\\":4774,\\\\\\"height\\\\\\":3024,\\\\\\"srcSet\\\\\\":__webpack_public_path__+\\\\\\"tEsThAsH-640.jpg 640w,\\\\\\"+__webpack_public_path__+\\\\\\"tEsThAsH-1440.jpg 1440w\\\\\\",\\\\\\"aspectRatio\\\\\\":0.6334,\\\\\\"placeholder\\\\\\":\\\\\\"data:image/jpeg;base64,data/of=someimage\\\\\\",\\\\\\"color\\\\\\":\\\\\\"#283838\\\\\\",\\\\\\"sources\\\\\\":[{\\\\\\"type\\\\\\":\\\\\\"image/avif\\\\\\",\\\\\\"srcSet\\\\\\":__webpack_public_path__+\\\\\\"tEsThAsH-640.avif 640w,\\\\\\"+__webpack_public_path__+\\\\\\"tEsThAsH-1440.avif 1440w,\\\\\\"+__webpack_public_path__+\\\\\\"tEsThAsH-1120.avif 1120w\\\\\\"},{\\\\\\"type\\\\\\":\\\\\\"image/webp\\\\\\",\\\\\\"srcSet\\\\\\":__webpack_public_path__+\\\\\\"tEsThAsH-640.webp 640w,\\\\\\"+__webpack_public_path__+\\\\\\"tEsThAsH-1440.webp 1440w,\\\\\\"+__webpack_public_path__+\\\\\\"tEsThAsH-1120.webp 1120w\\\\\\"}]};\\",\\"filenames\\":[\\"1120.jpg\\",\\"640.jpg\\",\\"1440.jpg\\",\\"640.avif\\",\\"1440.avif\\",\\"1120.avif\\",\\"640.webp\\",\\"1440.webp\\",\\"1120.webp\\"]}"`;

exports[`Basic component test for @reshoot/loader should emit cached files and output successfully with default options 3`] = `"export default {\\"id\\":\\"tEsThAsH\\",\\"src\\":__webpack_public_path__+\\"tEsThAsH-1120.jpg\\",\\"width\\":4774,\\"height\\":3024,\\"srcSet\\":__webpack_public_path__+\\"tEsThAsH-640.jpg 640w,\\"+__webpack_public_path__+\\"tEsThAsH-1440.jpg 1440w\\",\\"aspectRatio\\":0.6334,\\"placeholder\\":\\"data:image/jpeg;base64,data/of=someimage\\",\\"color\\":\\"#283838\\",\\"sources\\":[{\\"type\\":\\"image/avif\\",\\"srcSet\\":__webpack_public_path__+\\"tEsThAsH-640.avif 640w,\\"+__webpack_public_path__+\\"tEsThAsH-1440.avif 1440w,\\"+__webpack_public_path__+\\"tEsThAsH-1120.avif 1120w\\"},{\\"type\\":\\"image/webp\\",\\"srcSet\\":__webpack_public_path__+\\"tEsThAsH-640.webp 640w,\\"+__webpack_public_path__+\\"tEsThAsH-1440.webp 1440w,\\"+__webpack_public_path__+\\"tEsThAsH-1120.webp 1120w\\"}]};"`;
