// Jest Snapshot v1, https://goo.gl/fbAQLP

exports[`Null component test for @reshoot/loader should handle empty srcSet and sources successfully 1`] = `"export default {\\"src\\":__webpack_public_path__+\\"tEsThAsH-840.jpg\\",\\"width\\":4774,\\"height\\":3024,\\"aspectRatio\\":0.6334,\\"placeholder\\":\\"data:image/jpeg;base64,data/of=someimage\\",\\"color\\":\\"#283838\\"};"`;

exports[`Null component test for @reshoot/loader should handle null color and background successfully 1`] = `"export default {\\"src\\":__webpack_public_path__+\\"tEsThAsH-840.jpg\\",\\"width\\":4774,\\"height\\":3024,\\"srcSet\\":__webpack_public_path__+\\"tEsThAsH-480.jpg 480w,\\"+__webpack_public_path__+\\"tEsThAsH-640.jpg 640w,\\"+__webpack_public_path__+\\"tEsThAsH-1080.jpg 1080w\\",\\"aspectRatio\\":0.6334,\\"placeholder\\":\\"data:image/jpeg;base64,data/of=someimage\\",\\"sources\\":[{\\"type\\":\\"image/webp\\",\\"srcSet\\":__webpack_public_path__+\\"tEsThAsH-480.webp 480w,\\"+__webpack_public_path__+\\"tEsThAsH-640.webp 640w,\\"+__webpack_public_path__+\\"tEsThAsH-1080.webp 1080w,\\"+__webpack_public_path__+\\"tEsThAsH-840.webp 840w\\"}]};"`;

exports[`Null component test for @reshoot/loader should handle null placeholder and aspectRatio successfully 1`] = `"export default {\\"src\\":__webpack_public_path__+\\"tEsThAsH-840.jpg\\",\\"width\\":4774,\\"height\\":3024,\\"srcSet\\":__webpack_public_path__+\\"tEsThAsH-480.jpg 480w,\\"+__webpack_public_path__+\\"tEsThAsH-640.jpg 640w,\\"+__webpack_public_path__+\\"tEsThAsH-1080.jpg 1080w\\",\\"aspectRatio\\":0.6334,\\"placeholder\\":\\"data:image/jpeg;base64,data/of=someimage\\",\\"color\\":\\"#283838\\",\\"sources\\":[{\\"type\\":\\"image/webp\\",\\"srcSet\\":__webpack_public_path__+\\"tEsThAsH-480.webp 480w,\\"+__webpack_public_path__+\\"tEsThAsH-640.webp 640w,\\"+__webpack_public_path__+\\"tEsThAsH-1080.webp 1080w,\\"+__webpack_public_path__+\\"tEsThAsH-840.webp 840w\\"}]};"`;
