// Jest Snapshot v1, https://goo.gl/fbAQLP

exports[`Overriding component test for @reshoot/loader should handle custom shape successfully 1`] = `"export default {\\"placeholder\\":\\"data:image/jpeg;base64,data/of=someimage\\",\\"width\\":4774,\\"height\\":3024,\\"aspectRatio\\":0.6334,\\"color\\":\\"#283838\\",\\"sources\\":[{\\"type\\":\\"image/jpeg\\",\\"src\\":__webpack_public_path__+\\"tEsThAsH-720.jpg\\",\\"srcSet\\":__webpack_public_path__+\\"tEsThAsH-480.jpg 480w,\\"+__webpack_public_path__+\\"tEsThAsH-640.jpg 640w,\\"+__webpack_public_path__+\\"tEsThAsH-840.jpg 840w,\\"+__webpack_public_path__+\\"tEsThAsH-1080.jpg 1080w\\"},{\\"type\\":\\"image/webp\\",\\"src\\":__webpack_public_path__+\\"tEsThAsH-720.webp\\",\\"srcSet\\":__webpack_public_path__+\\"tEsThAsH-480.webp 480w,\\"+__webpack_public_path__+\\"tEsThAsH-640.webp 640w,\\"+__webpack_public_path__+\\"tEsThAsH-840.webp 840w,\\"+__webpack_public_path__+\\"tEsThAsH-1080.webp 1080w\\"}]};"`;
