// Jest Snapshot v1, https://goo.gl/fbAQLP

exports[`arguments parse valid json input with both arguments 1`] = `
Array [
  Object {
    "elements": Array [
      Object {
        "properties": Array [
          Node {
            "computed": false,
            "end": 11,
            "extra": undefined,
            "innerComments": undefined,
            "key": Node {
              "end": 9,
              "extra": Object {
                "raw": "\\"others\\"",
                "rawValue": "others",
              },
              "innerComments": undefined,
              "leadingComments": undefined,
              "loc": SourceLocation {
                "end": Position {
                  "column": 9,
                  "line": 1,
                },
                "filename": undefined,
                "identifierName": undefined,
                "start": Position {
                  "column": 1,
                  "line": 1,
                },
              },
              "range": undefined,
              "start": 1,
              "trailingComments": undefined,
              "type": "StringLiteral",
              "value": "others",
            },
            "leadingComments": undefined,
            "loc": SourceLocation {
              "end": Position {
                "column": 11,
                "line": 1,
              },
              "filename": undefined,
              "identifierName": undefined,
              "start": Position {
                "column": 1,
                "line": 1,
              },
            },
            "method": false,
            "range": undefined,
            "shorthand": false,
            "start": 1,
            "trailingComments": undefined,
            "type": "ObjectProperty",
            "value": Node {
              "end": 11,
              "extra": Object {
                "raw": "1",
                "rawValue": 1,
              },
              "innerComments": undefined,
              "leadingComments": undefined,
              "loc": SourceLocation {
                "end": Position {
                  "column": 11,
                  "line": 1,
                },
                "filename": undefined,
                "identifierName": undefined,
                "start": Position {
                  "column": 10,
                  "line": 1,
                },
              },
              "range": undefined,
              "start": 10,
              "trailingComments": undefined,
              "type": "NumericLiteral",
              "value": 1,
            },
          },
          Object {
            "computed": false,
            "decorators": null,
            "key": Object {
              "type": "StringLiteral",
              "value": "data",
            },
            "shorthand": false,
            "type": "ObjectProperty",
            "value": Object {
              "arguments": Array [
                Object {
                  "type": "StringLiteral",
                  "value": "image-1.jpg?{\\"color\\":\\"red\\"}",
                },
              ],
              "callee": Object {
                "name": "require",
                "type": "Identifier",
              },
              "type": "CallExpression",
            },
          },
        ],
        "type": "ObjectExpression",
      },
      Object {
        "properties": Array [
          Node {
            "computed": false,
            "end": 11,
            "extra": undefined,
            "innerComments": undefined,
            "key": Node {
              "end": 9,
              "extra": Object {
                "raw": "\\"others\\"",
                "rawValue": "others",
              },
              "innerComments": undefined,
              "leadingComments": undefined,
              "loc": SourceLocation {
                "end": Position {
                  "column": 9,
                  "line": 1,
                },
                "filename": undefined,
                "identifierName": undefined,
                "start": Position {
                  "column": 1,
                  "line": 1,
                },
              },
              "range": undefined,
              "start": 1,
              "trailingComments": undefined,
              "type": "StringLiteral",
              "value": "others",
            },
            "leadingComments": undefined,
            "loc": SourceLocation {
              "end": Position {
                "column": 11,
                "line": 1,
              },
              "filename": undefined,
              "identifierName": undefined,
              "start": Position {
                "column": 1,
                "line": 1,
              },
            },
            "method": false,
            "range": undefined,
            "shorthand": false,
            "start": 1,
            "trailingComments": undefined,
            "type": "ObjectProperty",
            "value": Node {
              "end": 11,
              "extra": Object {
                "raw": "2",
                "rawValue": 2,
              },
              "innerComments": undefined,
              "leadingComments": undefined,
              "loc": SourceLocation {
                "end": Position {
                  "column": 11,
                  "line": 1,
                },
                "filename": undefined,
                "identifierName": undefined,
                "start": Position {
                  "column": 10,
                  "line": 1,
                },
              },
              "range": undefined,
              "start": 10,
              "trailingComments": undefined,
              "type": "NumericLiteral",
              "value": 2,
            },
          },
          Object {
            "computed": false,
            "decorators": null,
            "key": Object {
              "type": "StringLiteral",
              "value": "data",
            },
            "shorthand": false,
            "type": "ObjectProperty",
            "value": Object {
              "arguments": Array [
                Object {
                  "type": "StringLiteral",
                  "value": "image-2.png?{\\"color\\":\\"blue\\"}",
                },
              ],
              "callee": Object {
                "name": "require",
                "type": "Identifier",
              },
              "type": "CallExpression",
            },
          },
        ],
        "type": "ObjectExpression",
      },
      Object {
        "properties": Array [
          Node {
            "computed": false,
            "end": 11,
            "extra": undefined,
            "innerComments": undefined,
            "key": Node {
              "end": 9,
              "extra": Object {
                "raw": "\\"others\\"",
                "rawValue": "others",
              },
              "innerComments": undefined,
              "leadingComments": undefined,
              "loc": SourceLocation {
                "end": Position {
                  "column": 9,
                  "line": 1,
                },
                "filename": undefined,
                "identifierName": undefined,
                "start": Position {
                  "column": 1,
                  "line": 1,
                },
              },
              "range": undefined,
              "start": 1,
              "trailingComments": undefined,
              "type": "StringLiteral",
              "value": "others",
            },
            "leadingComments": undefined,
            "loc": SourceLocation {
              "end": Position {
                "column": 11,
                "line": 1,
              },
              "filename": undefined,
              "identifierName": undefined,
              "start": Position {
                "column": 1,
                "line": 1,
              },
            },
            "method": false,
            "range": undefined,
            "shorthand": false,
            "start": 1,
            "trailingComments": undefined,
            "type": "ObjectProperty",
            "value": Node {
              "end": 11,
              "extra": Object {
                "raw": "3",
                "rawValue": 3,
              },
              "innerComments": undefined,
              "leadingComments": undefined,
              "loc": SourceLocation {
                "end": Position {
                  "column": 11,
                  "line": 1,
                },
                "filename": undefined,
                "identifierName": undefined,
                "start": Position {
                  "column": 10,
                  "line": 1,
                },
              },
              "range": undefined,
              "start": 10,
              "trailingComments": undefined,
              "type": "NumericLiteral",
              "value": 3,
            },
          },
          Object {
            "computed": false,
            "decorators": null,
            "key": Object {
              "type": "StringLiteral",
              "value": "data",
            },
            "shorthand": false,
            "type": "ObjectProperty",
            "value": Object {
              "arguments": Array [
                Object {
                  "type": "StringLiteral",
                  "value": "image-3.webp?{\\"color\\":\\"yellow\\"}",
                },
              ],
              "callee": Object {
                "name": "require",
                "type": "Identifier",
              },
              "type": "CallExpression",
            },
          },
        ],
        "type": "ObjectExpression",
      },
      Object {
        "properties": Array [
          Node {
            "computed": false,
            "end": 11,
            "extra": undefined,
            "innerComments": undefined,
            "key": Node {
              "end": 9,
              "extra": Object {
                "raw": "\\"others\\"",
                "rawValue": "others",
              },
              "innerComments": undefined,
              "leadingComments": undefined,
              "loc": SourceLocation {
                "end": Position {
                  "column": 9,
                  "line": 1,
                },
                "filename": undefined,
                "identifierName": undefined,
                "start": Position {
                  "column": 1,
                  "line": 1,
                },
              },
              "range": undefined,
              "start": 1,
              "trailingComments": undefined,
              "type": "StringLiteral",
              "value": "others",
            },
            "leadingComments": undefined,
            "loc": SourceLocation {
              "end": Position {
                "column": 11,
                "line": 1,
              },
              "filename": undefined,
              "identifierName": undefined,
              "start": Position {
                "column": 1,
                "line": 1,
              },
            },
            "method": false,
            "range": undefined,
            "shorthand": false,
            "start": 1,
            "trailingComments": undefined,
            "type": "ObjectProperty",
            "value": Node {
              "end": 11,
              "extra": Object {
                "raw": "4",
                "rawValue": 4,
              },
              "innerComments": undefined,
              "leadingComments": undefined,
              "loc": SourceLocation {
                "end": Position {
                  "column": 11,
                  "line": 1,
                },
                "filename": undefined,
                "identifierName": undefined,
                "start": Position {
                  "column": 10,
                  "line": 1,
                },
              },
              "range": undefined,
              "start": 10,
              "trailingComments": undefined,
              "type": "NumericLiteral",
              "value": 4,
            },
          },
          Object {
            "computed": false,
            "decorators": null,
            "key": Object {
              "type": "StringLiteral",
              "value": "data",
            },
            "shorthand": false,
            "type": "ObjectProperty",
            "value": Object {
              "arguments": Array [
                Object {
                  "type": "StringLiteral",
                  "value": "image-4.gif?{\\"color\\":\\"#ddeeaa\\"}",
                },
              ],
              "callee": Object {
                "name": "require",
                "type": "Identifier",
              },
              "type": "CallExpression",
            },
          },
        ],
        "type": "ObjectExpression",
      },
      Object {
        "properties": Array [
          Node {
            "computed": false,
            "end": 11,
            "extra": undefined,
            "innerComments": undefined,
            "key": Node {
              "end": 9,
              "extra": Object {
                "raw": "\\"others\\"",
                "rawValue": "others",
              },
              "innerComments": undefined,
              "leadingComments": undefined,
              "loc": SourceLocation {
                "end": Position {
                  "column": 9,
                  "line": 1,
                },
                "filename": undefined,
                "identifierName": undefined,
                "start": Position {
                  "column": 1,
                  "line": 1,
                },
              },
              "range": undefined,
              "start": 1,
              "trailingComments": undefined,
              "type": "StringLiteral",
              "value": "others",
            },
            "leadingComments": undefined,
            "loc": SourceLocation {
              "end": Position {
                "column": 11,
                "line": 1,
              },
              "filename": undefined,
              "identifierName": undefined,
              "start": Position {
                "column": 1,
                "line": 1,
              },
            },
            "method": false,
            "range": undefined,
            "shorthand": false,
            "start": 1,
            "trailingComments": undefined,
            "type": "ObjectProperty",
            "value": Node {
              "end": 11,
              "extra": Object {
                "raw": "5",
                "rawValue": 5,
              },
              "innerComments": undefined,
              "leadingComments": undefined,
              "loc": SourceLocation {
                "end": Position {
                  "column": 11,
                  "line": 1,
                },
                "filename": undefined,
                "identifierName": undefined,
                "start": Position {
                  "column": 10,
                  "line": 1,
                },
              },
              "range": undefined,
              "start": 10,
              "trailingComments": undefined,
              "type": "NumericLiteral",
              "value": 5,
            },
          },
          Object {
            "computed": false,
            "decorators": null,
            "key": Object {
              "type": "StringLiteral",
              "value": "data",
            },
            "shorthand": false,
            "type": "ObjectProperty",
            "value": Object {
              "arguments": Array [
                Object {
                  "type": "StringLiteral",
                  "value": "image-5.svg",
                },
              ],
              "callee": Object {
                "name": "require",
                "type": "Identifier",
              },
              "type": "CallExpression",
            },
          },
        ],
        "type": "ObjectExpression",
      },
    ],
    "type": "ArrayExpression",
  },
]
`;

exports[`arguments parse valid json input with only one argument 1`] = `
Array [
  Object {
    "elements": Array [
      Object {
        "properties": Array [
          Node {
            "computed": false,
            "end": 11,
            "extra": undefined,
            "innerComments": undefined,
            "key": Node {
              "end": 9,
              "extra": Object {
                "raw": "\\"others\\"",
                "rawValue": "others",
              },
              "innerComments": undefined,
              "leadingComments": undefined,
              "loc": SourceLocation {
                "end": Position {
                  "column": 9,
                  "line": 1,
                },
                "filename": undefined,
                "identifierName": undefined,
                "start": Position {
                  "column": 1,
                  "line": 1,
                },
              },
              "range": undefined,
              "start": 1,
              "trailingComments": undefined,
              "type": "StringLiteral",
              "value": "others",
            },
            "leadingComments": undefined,
            "loc": SourceLocation {
              "end": Position {
                "column": 11,
                "line": 1,
              },
              "filename": undefined,
              "identifierName": undefined,
              "start": Position {
                "column": 1,
                "line": 1,
              },
            },
            "method": false,
            "range": undefined,
            "shorthand": false,
            "start": 1,
            "trailingComments": undefined,
            "type": "ObjectProperty",
            "value": Node {
              "end": 11,
              "extra": Object {
                "raw": "1",
                "rawValue": 1,
              },
              "innerComments": undefined,
              "leadingComments": undefined,
              "loc": SourceLocation {
                "end": Position {
                  "column": 11,
                  "line": 1,
                },
                "filename": undefined,
                "identifierName": undefined,
                "start": Position {
                  "column": 10,
                  "line": 1,
                },
              },
              "range": undefined,
              "start": 10,
              "trailingComments": undefined,
              "type": "NumericLiteral",
              "value": 1,
            },
          },
          Object {
            "computed": false,
            "decorators": null,
            "key": Object {
              "type": "StringLiteral",
              "value": "data",
            },
            "shorthand": false,
            "type": "ObjectProperty",
            "value": Object {
              "arguments": Array [
                Object {
                  "type": "StringLiteral",
                  "value": "image-1.jpg?{\\"color\\":\\"red\\"}",
                },
              ],
              "callee": Object {
                "name": "require",
                "type": "Identifier",
              },
              "type": "CallExpression",
            },
          },
        ],
        "type": "ObjectExpression",
      },
      Object {
        "properties": Array [
          Node {
            "computed": false,
            "end": 11,
            "extra": undefined,
            "innerComments": undefined,
            "key": Node {
              "end": 9,
              "extra": Object {
                "raw": "\\"others\\"",
                "rawValue": "others",
              },
              "innerComments": undefined,
              "leadingComments": undefined,
              "loc": SourceLocation {
                "end": Position {
                  "column": 9,
                  "line": 1,
                },
                "filename": undefined,
                "identifierName": undefined,
                "start": Position {
                  "column": 1,
                  "line": 1,
                },
              },
              "range": undefined,
              "start": 1,
              "trailingComments": undefined,
              "type": "StringLiteral",
              "value": "others",
            },
            "leadingComments": undefined,
            "loc": SourceLocation {
              "end": Position {
                "column": 11,
                "line": 1,
              },
              "filename": undefined,
              "identifierName": undefined,
              "start": Position {
                "column": 1,
                "line": 1,
              },
            },
            "method": false,
            "range": undefined,
            "shorthand": false,
            "start": 1,
            "trailingComments": undefined,
            "type": "ObjectProperty",
            "value": Node {
              "end": 11,
              "extra": Object {
                "raw": "2",
                "rawValue": 2,
              },
              "innerComments": undefined,
              "leadingComments": undefined,
              "loc": SourceLocation {
                "end": Position {
                  "column": 11,
                  "line": 1,
                },
                "filename": undefined,
                "identifierName": undefined,
                "start": Position {
                  "column": 10,
                  "line": 1,
                },
              },
              "range": undefined,
              "start": 10,
              "trailingComments": undefined,
              "type": "NumericLiteral",
              "value": 2,
            },
          },
          Object {
            "computed": false,
            "decorators": null,
            "key": Object {
              "type": "StringLiteral",
              "value": "data",
            },
            "shorthand": false,
            "type": "ObjectProperty",
            "value": Object {
              "arguments": Array [
                Object {
                  "type": "StringLiteral",
                  "value": "image-2.png?{\\"color\\":\\"blue\\"}",
                },
              ],
              "callee": Object {
                "name": "require",
                "type": "Identifier",
              },
              "type": "CallExpression",
            },
          },
        ],
        "type": "ObjectExpression",
      },
      Object {
        "properties": Array [
          Node {
            "computed": false,
            "end": 11,
            "extra": undefined,
            "innerComments": undefined,
            "key": Node {
              "end": 9,
              "extra": Object {
                "raw": "\\"others\\"",
                "rawValue": "others",
              },
              "innerComments": undefined,
              "leadingComments": undefined,
              "loc": SourceLocation {
                "end": Position {
                  "column": 9,
                  "line": 1,
                },
                "filename": undefined,
                "identifierName": undefined,
                "start": Position {
                  "column": 1,
                  "line": 1,
                },
              },
              "range": undefined,
              "start": 1,
              "trailingComments": undefined,
              "type": "StringLiteral",
              "value": "others",
            },
            "leadingComments": undefined,
            "loc": SourceLocation {
              "end": Position {
                "column": 11,
                "line": 1,
              },
              "filename": undefined,
              "identifierName": undefined,
              "start": Position {
                "column": 1,
                "line": 1,
              },
            },
            "method": false,
            "range": undefined,
            "shorthand": false,
            "start": 1,
            "trailingComments": undefined,
            "type": "ObjectProperty",
            "value": Node {
              "end": 11,
              "extra": Object {
                "raw": "3",
                "rawValue": 3,
              },
              "innerComments": undefined,
              "leadingComments": undefined,
              "loc": SourceLocation {
                "end": Position {
                  "column": 11,
                  "line": 1,
                },
                "filename": undefined,
                "identifierName": undefined,
                "start": Position {
                  "column": 10,
                  "line": 1,
                },
              },
              "range": undefined,
              "start": 10,
              "trailingComments": undefined,
              "type": "NumericLiteral",
              "value": 3,
            },
          },
          Object {
            "computed": false,
            "decorators": null,
            "key": Object {
              "type": "StringLiteral",
              "value": "data",
            },
            "shorthand": false,
            "type": "ObjectProperty",
            "value": Object {
              "arguments": Array [
                Object {
                  "type": "StringLiteral",
                  "value": "image-3.webp?{\\"color\\":\\"yellow\\"}",
                },
              ],
              "callee": Object {
                "name": "require",
                "type": "Identifier",
              },
              "type": "CallExpression",
            },
          },
        ],
        "type": "ObjectExpression",
      },
      Object {
        "properties": Array [
          Node {
            "computed": false,
            "end": 11,
            "extra": undefined,
            "innerComments": undefined,
            "key": Node {
              "end": 9,
              "extra": Object {
                "raw": "\\"others\\"",
                "rawValue": "others",
              },
              "innerComments": undefined,
              "leadingComments": undefined,
              "loc": SourceLocation {
                "end": Position {
                  "column": 9,
                  "line": 1,
                },
                "filename": undefined,
                "identifierName": undefined,
                "start": Position {
                  "column": 1,
                  "line": 1,
                },
              },
              "range": undefined,
              "start": 1,
              "trailingComments": undefined,
              "type": "StringLiteral",
              "value": "others",
            },
            "leadingComments": undefined,
            "loc": SourceLocation {
              "end": Position {
                "column": 11,
                "line": 1,
              },
              "filename": undefined,
              "identifierName": undefined,
              "start": Position {
                "column": 1,
                "line": 1,
              },
            },
            "method": false,
            "range": undefined,
            "shorthand": false,
            "start": 1,
            "trailingComments": undefined,
            "type": "ObjectProperty",
            "value": Node {
              "end": 11,
              "extra": Object {
                "raw": "4",
                "rawValue": 4,
              },
              "innerComments": undefined,
              "leadingComments": undefined,
              "loc": SourceLocation {
                "end": Position {
                  "column": 11,
                  "line": 1,
                },
                "filename": undefined,
                "identifierName": undefined,
                "start": Position {
                  "column": 10,
                  "line": 1,
                },
              },
              "range": undefined,
              "start": 10,
              "trailingComments": undefined,
              "type": "NumericLiteral",
              "value": 4,
            },
          },
          Object {
            "computed": false,
            "decorators": null,
            "key": Object {
              "type": "StringLiteral",
              "value": "data",
            },
            "shorthand": false,
            "type": "ObjectProperty",
            "value": Object {
              "arguments": Array [
                Object {
                  "type": "StringLiteral",
                  "value": "image-4.gif?{\\"color\\":\\"#ddeeaa\\"}",
                },
              ],
              "callee": Object {
                "name": "require",
                "type": "Identifier",
              },
              "type": "CallExpression",
            },
          },
        ],
        "type": "ObjectExpression",
      },
      Object {
        "properties": Array [
          Node {
            "computed": false,
            "end": 11,
            "extra": undefined,
            "innerComments": undefined,
            "key": Node {
              "end": 9,
              "extra": Object {
                "raw": "\\"others\\"",
                "rawValue": "others",
              },
              "innerComments": undefined,
              "leadingComments": undefined,
              "loc": SourceLocation {
                "end": Position {
                  "column": 9,
                  "line": 1,
                },
                "filename": undefined,
                "identifierName": undefined,
                "start": Position {
                  "column": 1,
                  "line": 1,
                },
              },
              "range": undefined,
              "start": 1,
              "trailingComments": undefined,
              "type": "StringLiteral",
              "value": "others",
            },
            "leadingComments": undefined,
            "loc": SourceLocation {
              "end": Position {
                "column": 11,
                "line": 1,
              },
              "filename": undefined,
              "identifierName": undefined,
              "start": Position {
                "column": 1,
                "line": 1,
              },
            },
            "method": false,
            "range": undefined,
            "shorthand": false,
            "start": 1,
            "trailingComments": undefined,
            "type": "ObjectProperty",
            "value": Node {
              "end": 11,
              "extra": Object {
                "raw": "5",
                "rawValue": 5,
              },
              "innerComments": undefined,
              "leadingComments": undefined,
              "loc": SourceLocation {
                "end": Position {
                  "column": 11,
                  "line": 1,
                },
                "filename": undefined,
                "identifierName": undefined,
                "start": Position {
                  "column": 10,
                  "line": 1,
                },
              },
              "range": undefined,
              "start": 10,
              "trailingComments": undefined,
              "type": "NumericLiteral",
              "value": 5,
            },
          },
          Object {
            "computed": false,
            "decorators": null,
            "key": Object {
              "type": "StringLiteral",
              "value": "data",
            },
            "shorthand": false,
            "type": "ObjectProperty",
            "value": Object {
              "arguments": Array [
                Object {
                  "type": "StringLiteral",
                  "value": "image-5.svg",
                },
              ],
              "callee": Object {
                "name": "require",
                "type": "Identifier",
              },
              "type": "CallExpression",
            },
          },
        ],
        "type": "ObjectExpression",
      },
    ],
    "type": "ArrayExpression",
  },
]
`;
