// Jest Snapshot v1, https://goo.gl/fbAQLP

exports[`Placeholder tag is in good shape 1`] = `
<div
  className="aund3wh"
  style={
    Object {
      "background": "red",
      "color": "red",
      "paddingBottom": "1.5%",
    }
  }
/>
`;
